[    0.000000] Initializing cgroup subsys cpuset
[    0.000000] Initializing cgroup subsys cpu
[    0.000000] Initializing cgroup subsys cpuacct
[    0.000000] Linux version 4.4.0-87-generic (buildd@lcy01-31) (gcc version 5.4.0 20160609 (Ubuntu 5.4.0-6ubuntu1~16.04.4) ) #110-Ubuntu SMP Tue Jul 18 12:55:35 UTC 2017 (Ubuntu 4.4.0-87.110-generic 4.4.73)
[    0.000000] Command line: BOOT_IMAGE=/boot/vmlinuz-4.4.0-87-generic root=LABEL=cloudimg-rootfs ro console=tty1 console=ttyS0
[    0.000000] KERNEL supported cpus:
[    0.000000]   Intel GenuineIntel
[    0.000000]   AMD AuthenticAMD
[    0.000000]   Centaur CentaurHauls
[    0.000000] x86/fpu: xstate_offset[2]:  576, xstate_sizes[2]:  256
[    0.000000] x86/fpu: Supporting XSAVE feature 0x01: 'x87 floating point registers'
[    0.000000] x86/fpu: Supporting XSAVE feature 0x02: 'SSE registers'
[    0.000000] x86/fpu: Supporting XSAVE feature 0x04: 'AVX registers'
[    0.000000] x86/fpu: Enabled xstate features 0x7, context size is 832 bytes, using 'standard' format.
[    0.000000] x86/fpu: Using 'lazy' FPU context switches.
[    0.000000] e820: BIOS-provided physical RAM map:
[    0.000000] BIOS-e820: [mem 0x0000000000000000-0x000000000009fbff] usable
[    0.000000] BIOS-e820: [mem 0x000000000009fc00-0x000000000009ffff] reserved
[    0.000000] BIOS-e820: [mem 0x00000000000f0000-0x00000000000fffff] reserved
[    0.000000] BIOS-e820: [mem 0x0000000000100000-0x000000003ffeffff] usable
[    0.000000] BIOS-e820: [mem 0x000000003fff0000-0x000000003fffffff] ACPI data
[    0.000000] BIOS-e820: [mem 0x00000000fec00000-0x00000000fec00fff] reserved
[    0.000000] BIOS-e820: [mem 0x00000000fee00000-0x00000000fee00fff] reserved
[    0.000000] BIOS-e820: [mem 0x00000000fffc0000-0x00000000ffffffff] reserved
[    0.000000] NX (Execute Disable) protection: active
[    0.000000] SMBIOS 2.5 present.
[    0.000000] Hypervisor detected: KVM
[    0.000000] e820: last_pfn = 0x3fff0 max_arch_pfn = 0x400000000
[    0.000000] MTRR: Disabled
[    0.000000] x86/PAT: MTRRs disabled, skipping PAT initialization too.
[    0.000000] x86/PAT: Configuration [0-7]: WB  WT  UC- UC  WB  WT  UC- UC  
[    0.000000] CPU MTRRs all blank - virtualized system.
[    0.000000] found SMP MP-table at [mem 0x0009fff0-0x0009ffff] mapped at [ffff88000009fff0]
[    0.000000] Scanning 1 areas for low memory corruption
[    0.000000] RAMDISK: [mem 0x36ac2000-0x37558fff]
[    0.000000] ACPI: Early table checksum verification disabled
[    0.000000] ACPI: RSDP 0x00000000000E0000 000024 (v02 VBOX  )
[    0.000000] ACPI: XSDT 0x000000003FFF0030 00003C (v01 VBOX   VBOXXSDT 00000001 ASL  00000061)
[    0.000000] ACPI: FACP 0x000000003FFF00F0 0000F4 (v04 VBOX   VBOXFACP 00000001 ASL  00000061)
[    0.000000] ACPI: DSDT 0x000000003FFF0470 0021C8 (v02 VBOX   VBOXBIOS 00000002 INTL 20100528)
[    0.000000] ACPI: FACS 0x000000003FFF0200 000040
[    0.000000] ACPI: FACS 0x000000003FFF0200 000040
[    0.000000] ACPI: APIC 0x000000003FFF0240 00005C (v02 VBOX   VBOXAPIC 00000001 ASL  00000061)
[    0.000000] ACPI: SSDT 0x000000003FFF02A0 0001CC (v01 VBOX   VBOXCPUT 00000002 INTL 20100528)
[    0.000000] No NUMA configuration found
[    0.000000] Faking a node at [mem 0x0000000000000000-0x000000003ffeffff]
[    0.000000] NODE_DATA(0) allocated [mem 0x3ffeb000-0x3ffeffff]
[    0.000000] kvm-clock: Using msrs 4b564d01 and 4b564d00
[    0.000000] kvm-clock: cpu 0, msr 0:3ffe3001, primary cpu clock
[    0.000000] kvm-clock: using sched offset of 3002318688 cycles
[    0.000000] clocksource: kvm-clock: mask: 0xffffffffffffffff max_cycles: 0x1cd42e4dffb, max_idle_ns: 881590591483 ns
[    0.000000] Zone ranges:
[    0.000000]   DMA      [mem 0x0000000000001000-0x0000000000ffffff]
[    0.000000]   DMA32    [mem 0x0000000001000000-0x000000003ffeffff]
[    0.000000]   Normal   empty
[    0.000000]   Device   empty
[    0.000000] Movable zone start for each node
[    0.000000] Early memory node ranges
[    0.000000]   node   0: [mem 0x0000000000001000-0x000000000009efff]
[    0.000000]   node   0: [mem 0x0000000000100000-0x000000003ffeffff]
[    0.000000] Initmem setup node 0 [mem 0x0000000000001000-0x000000003ffeffff]
[    0.000000] ACPI: PM-Timer IO Port: 0x4008
[    0.000000] IOAPIC[0]: apic_id 2, version 32, address 0xfec00000, GSI 0-23
[    0.000000] ACPI: INT_SRC_OVR (bus 0 bus_irq 0 global_irq 2 dfl dfl)
[    0.000000] ACPI: INT_SRC_OVR (bus 0 bus_irq 9 global_irq 9 high level)
[    0.000000] Using ACPI (MADT) for SMP configuration information
[    0.000000] smpboot: Allowing 2 CPUs, 0 hotplug CPUs
[    0.000000] PM: Registered nosave memory: [mem 0x00000000-0x00000fff]
[    0.000000] PM: Registered nosave memory: [mem 0x0009f000-0x0009ffff]
[    0.000000] PM: Registered nosave memory: [mem 0x000a0000-0x000effff]
[    0.000000] PM: Registered nosave memory: [mem 0x000f0000-0x000fffff]
[    0.000000] e820: [mem 0x40000000-0xfebfffff] available for PCI devices
[    0.000000] Booting paravirtualized kernel on KVM
[    0.000000] clocksource: refined-jiffies: mask: 0xffffffff max_cycles: 0xffffffff, max_idle_ns: 7645519600211568 ns
[    0.000000] setup_percpu: NR_CPUS:512 nr_cpumask_bits:512 nr_cpu_ids:2 nr_node_ids:1
[    0.000000] PERCPU: Embedded 33 pages/cpu @ffff88003fc00000 s98264 r8192 d28712 u1048576
[    0.000000] PV qspinlock hash table entries: 256 (order: 0, 4096 bytes)
[    0.000000] Built 1 zonelists in Node order, mobility grouping on.  Total pages: 257913
[    0.000000] Policy zone: DMA32
[    0.000000] Kernel command line: BOOT_IMAGE=/boot/vmlinuz-4.4.0-87-generic root=LABEL=cloudimg-rootfs ro console=tty1 console=ttyS0
[    0.000000] PID hash table entries: 4096 (order: 3, 32768 bytes)
[    0.000000] Memory: 1001732K/1048120K available (8474K kernel code, 1293K rwdata, 3984K rodata, 1488K init, 1316K bss, 46388K reserved, 0K cma-reserved)
[    0.000000] SLUB: HWalign=64, Order=0-3, MinObjects=0, CPUs=2, Nodes=1
[    0.000000] Hierarchical RCU implementation.
[    0.000000] 	Build-time adjustment of leaf fanout to 64.
[    0.000000] 	RCU restricting CPUs from NR_CPUS=512 to nr_cpu_ids=2.
[    0.000000] RCU: Adjusting geometry for rcu_fanout_leaf=64, nr_cpu_ids=2
[    0.000000] NR_IRQS:33024 nr_irqs:440 16
[    0.000000] Console: colour VGA+ 80x25
[    0.000000] console [tty1] enabled
[    0.000000] console [ttyS0] enabled
[    0.000000] tsc: Detected 2394.456 MHz processor
[    0.759089] Calibrating delay loop (skipped) preset value.. 4788.91 BogoMIPS (lpj=9577824)
[    0.762071] pid_max: default: 32768 minimum: 301
[    0.762813] ACPI: Core revision 20150930
[    0.764345] ACPI: 2 ACPI AML tables successfully acquired and loaded
[    0.765347] Security Framework initialized
[    0.765985] Yama: becoming mindful.
[    0.766592] AppArmor: AppArmor initialized
[    0.767307] Dentry cache hash table entries: 131072 (order: 8, 1048576 bytes)
[    0.770776] Inode-cache hash table entries: 65536 (order: 7, 524288 bytes)
[    0.784687] Mount-cache hash table entries: 2048 (order: 2, 16384 bytes)
[    0.793206] Mountpoint-cache hash table entries: 2048 (order: 2, 16384 bytes)
[    0.808231] Initializing cgroup subsys io
[    0.808871] Initializing cgroup subsys memory
[    0.809542] Initializing cgroup subsys devices
[    0.810231] Initializing cgroup subsys freezer
[    0.817372] Initializing cgroup subsys net_cls
[    0.818416] Initializing cgroup subsys perf_event
[    0.822180] Initializing cgroup subsys net_prio
[    0.823009] Initializing cgroup subsys hugetlb
[    0.823769] Initializing cgroup subsys pids
[    0.824554] CPU: Physical Processor ID: 0
[    0.825280] CPU: Processor Core ID: 0
[    0.826888] mce: CPU supports 0 MCE banks
[    0.827616] Last level iTLB entries: 4KB 64, 2MB 8, 4MB 8
[    0.828474] Last level dTLB entries: 4KB 64, 2MB 0, 4MB 0, 1GB 4
[    0.836278] Freeing SMP alternatives memory: 32K (ffffffff820b9000 - ffffffff820c1000)
[    0.844723] ftrace: allocating 32128 entries in 126 pages
[    0.913859] smpboot: APIC(0) Converting physical 0 to logical package 0
[    1.019793] smpboot: Max logical packages: 1
[    1.020705] x2apic enabled
[    1.046957] Switched APIC routing to physical x2apic.
[    1.048768] ..TIMER: vector=0x30 apic1=0 pin1=2 apic2=-1 pin2=-1
[    1.154155] smpboot: CPU0: Intel(R) Core(TM) i7-5500U CPU @ 2.40GHz (family: 0x6, model: 0x3d, stepping: 0x4)
[    1.167714] Performance Events: unsupported p6 CPU model 61 no PMU driver, software events only.
[    1.169130] KVM setup paravirtual spinlock
[    1.170447] x86: Booting SMP configuration:
[    1.171145] .... node  #0, CPUs:      #1
[    1.171841] kvm-clock: cpu 1, msr 0:3ffe3041, secondary cpu clock
[    1.175671] mce: CPU supports 0 MCE banks
[    1.178029] x86: Booted up 1 node, 2 CPUs
[    1.180037] smpboot: Total of 2 processors activated (9577.82 BogoMIPS)
[    1.181363] devtmpfs: initialized
[    1.183277] evm: security.selinux
[    1.183882] evm: security.SMACK64
[    1.184501] evm: security.SMACK64EXEC
[    1.185138] evm: security.SMACK64TRANSMUTE
[    1.185824] evm: security.SMACK64MMAP
[    1.186563] evm: security.ima
[    1.187208] evm: security.capability
[    1.188041] clocksource: jiffies: mask: 0xffffffff max_cycles: 0xffffffff, max_idle_ns: 7645041785100000 ns
[    1.189608] futex hash table entries: 512 (order: 3, 32768 bytes)
[    1.190726] pinctrl core: initialized pinctrl subsystem
[    1.198723] RTC time: 16:23:30, date: 07/26/17
[    1.200083] NET: Registered protocol family 16
[    1.214167] cpuidle: using governor ladder
[    1.278139] cpuidle: using governor menu
[    1.286620] PCCT header not found.
[    1.290296] ACPI: bus type PCI registered
[    1.328556] acpiphp: ACPI Hot Plug PCI Controller Driver version: 0.5
[    1.329652] PCI: Using configuration type 1 for base access
[    1.355107] ACPI: Added _OSI(Module Device)
[    1.362786] ACPI: Added _OSI(Processor Device)
[    1.363522] ACPI: Added _OSI(3.0 _SCP Extensions)
[    1.381236] ACPI: Added _OSI(Processor Aggregator Device)
[    1.382706] ACPI: Executed 1 blocks of module-level executable AML code
[    1.410123] ACPI: Interpreter enabled
[    1.431574] ACPI: (supports S0 S5)
[    1.432148] ACPI: Using IOAPIC for interrupt routing
[    1.433029] PCI: Using host bridge windows from ACPI; if necessary, use "pci=nocrs" and report a bug
[    1.437275] ACPI: PCI Root Bridge [PCI0] (domain 0000 [bus 00-ff])
[    1.438144] acpi PNP0A03:00: _OSC: OS supports [ASPM ClockPM Segments MSI]
[    1.498194] acpi PNP0A03:00: _OSC failed (AE_NOT_FOUND); disabling ASPM
[    1.499106] acpi PNP0A03:00: fail to add MMCONFIG information, can't access extended PCI configuration space under this bridge.
[    1.500899] PCI host bridge to bus 0000:00
[    1.501543] pci_bus 0000:00: root bus resource [io  0x0000-0x0cf7 window]
[    1.502464] pci_bus 0000:00: root bus resource [io  0x0d00-0xffff window]
[    1.503374] pci_bus 0000:00: root bus resource [mem 0x000a0000-0x000bffff window]
[    1.504527] pci_bus 0000:00: root bus resource [mem 0x40000000-0xffdfffff window]
[    1.518990] pci_bus 0000:00: root bus resource [bus 00-ff]
[    1.521041] pci 0000:00:01.1: legacy IDE quirk: reg 0x10: [io  0x01f0-0x01f7]
[    1.523231] pci 0000:00:01.1: legacy IDE quirk: reg 0x14: [io  0x03f6]
[    1.529522] pci 0000:00:01.1: legacy IDE quirk: reg 0x18: [io  0x0170-0x0177]
[    1.598961] pci 0000:00:01.1: legacy IDE quirk: reg 0x1c: [io  0x0376]
[    1.623093] pci 0000:00:07.0: quirk: [io  0x4000-0x403f] claimed by PIIX4 ACPI
[    1.636546] pci 0000:00:07.0: quirk: [io  0x4100-0x410f] claimed by PIIX4 SMB
[    1.723400] ACPI: PCI Interrupt Link [LNKA] (IRQs 5 9 10 *11)
[    1.801329] ACPI: PCI Interrupt Link [LNKB] (IRQs 5 9 10 *11)
[    1.812487] ACPI: PCI Interrupt Link [LNKC] (IRQs 5 9 *10 11)
[    1.815400] ACPI: PCI Interrupt Link [LNKD] (IRQs 5 *9 10 11)
[    1.833781] ACPI: Enabled 2 GPEs in block 00 to 07
[    1.854537] vgaarb: setting as boot device: PCI:0000:00:02.0
[    1.890496] vgaarb: device added: PCI:0000:00:02.0,decodes=io+mem,owns=io+mem,locks=none
[    1.892424] vgaarb: loaded
[    1.893203] vgaarb: bridge control possible 0000:00:02.0
[    1.985349] SCSI subsystem initialized
[    1.991470] ACPI: bus type USB registered
[    1.996906] usbcore: registered new interface driver usbfs
[    1.997821] usbcore: registered new interface driver hub
[    2.014663] usbcore: registered new device driver usb
[    2.024308] PCI: Using ACPI for IRQ routing
[    2.025227] NetLabel: Initializing
[    2.025801] NetLabel:  domain hash size = 128
[    2.026495] NetLabel:  protocols = UNLABELED CIPSOv4
[    2.027276] NetLabel:  unlabeled traffic allowed by default
[    2.034733] amd_nb: Cannot enumerate AMD northbridges
[    2.088013] clocksource: Switched to clocksource kvm-clock
[    2.096464] AppArmor: AppArmor Filesystem Enabled
[    2.155062] pnp: PnP ACPI init
[    2.204024] pnp: PnP ACPI: found 3 devices
[    2.256529] clocksource: acpi_pm: mask: 0xffffff max_cycles: 0xffffff, max_idle_ns: 2085701024 ns
[    2.284882] NET: Registered protocol family 2
[    2.285813] TCP established hash table entries: 8192 (order: 4, 65536 bytes)
[    2.288897] TCP bind hash table entries: 8192 (order: 5, 131072 bytes)
[    2.289973] TCP: Hash tables configured (established 8192 bind 8192)
[    2.291011] UDP hash table entries: 512 (order: 2, 16384 bytes)
[    2.291959] UDP-Lite hash table entries: 512 (order: 2, 16384 bytes)
[    2.293008] NET: Registered protocol family 1
[    2.293799] pci 0000:00:00.0: Limiting direct PCI/PCI transfers
[    2.294765] pci 0000:00:01.0: Activating ISA DMA hang workarounds
[    2.296275] Unpacking initramfs...
[    4.071826] Freeing initrd memory: 10844K (ffff880036ac2000 - ffff880037559000)
[    4.074387] RAPL PMU detected, API unit is 2^-32 Joules, 4 fixed counters 10737418240 ms ovfl timer
[    4.078090] hw unit of domain pp0-core 2^-0 Joules
[    4.079185] hw unit of domain package 2^-0 Joules
[    4.080281] hw unit of domain dram 2^-0 Joules
[    4.081272] hw unit of domain pp1-gpu 2^-0 Joules
[    4.082479] platform rtc_cmos: registered platform RTC device (no PNP device found)
[    4.088331] Scanning for low memory corruption every 60 seconds
[    4.177741] audit: initializing netlink subsys (disabled)
[    4.248963] audit: type=2000 audit(1501086216.174:1): initialized
[    4.284988] Initialise system trusted keyring
[    4.293340] HugeTLB registered 2 MB page size, pre-allocated 0 pages
[    4.298679] zbud: loaded
[    4.300824] VFS: Disk quotas dquot_6.6.0
[    4.301533] VFS: Dquot-cache hash table entries: 512 (order 0, 4096 bytes)
[    4.302836] squashfs: version 4.0 (2009/01/31) Phillip Lougher
[    4.305246] fuse init (API version 7.23)
[    4.330143] Key type big_key registered
[    4.330882] Allocating IMA MOK and blacklist keyrings.
[    4.332707] Key type asymmetric registered
[    4.345722] Asymmetric key parser 'x509' registered
[    4.353316] Block layer SCSI generic (bsg) driver version 0.4 loaded (major 249)
[    4.354696] io scheduler noop registered
[    4.355394] io scheduler deadline registered (default)
[    4.356283] io scheduler cfq registered
[    4.357047] pci_hotplug: PCI Hot Plug PCI Core version: 0.5
[    4.357980] pciehp: PCI Express Hot Plug Controller Driver version: 0.4
[    4.360885] ACPI: AC Adapter [AC] (on-line)
[    4.361641] input: Power Button as /devices/LNXSYSTM:00/LNXPWRBN:00/input/input0
[    4.369301] ACPI: Power Button [PWRF]
[    4.372443] input: Sleep Button as /devices/LNXSYSTM:00/LNXSLPBN:00/input/input1
[    4.373697] ACPI: Sleep Button [SLPF]
[    4.374608] GHES: HEST is not enabled!
[    4.376459] Serial: 8250/16550 driver, 32 ports, IRQ sharing enabled
[    4.405328] 00:02: ttyS0 at I/O 0x3f8 (irq = 4, base_baud = 115200) is a 16550A
[    4.431535] Linux agpgart interface v0.103
[    4.439248] loop: module loaded
[    4.441501] scsi host0: ata_piix
[    4.452231] scsi host1: ata_piix
[    4.457766] ata1: PATA max UDMA/33 cmd 0x1f0 ctl 0x3f6 bmdma 0xd000 irq 14
[    4.468982] ata2: PATA max UDMA/33 cmd 0x170 ctl 0x376 bmdma 0xd008 irq 15
[    4.470594] libphy: Fixed MDIO Bus: probed
[    4.471608] tun: Universal TUN/TAP device driver, 1.6
[    4.476944] tun: (C) 1999-2004 Max Krasnyansky <maxk@qualcomm.com>
[    4.482445] PPP generic driver version 2.4.2
[    4.498519] ehci_hcd: USB 2.0 'Enhanced' Host Controller (EHCI) Driver
[    4.549413] ehci-pci: EHCI PCI platform driver
[    4.550152] ehci-platform: EHCI generic platform driver
[    4.550952] ohci_hcd: USB 1.1 'Open' Host Controller (OHCI) Driver
[    4.551807] ohci-pci: OHCI PCI platform driver
[    4.552518] ohci-platform: OHCI generic platform driver
[    4.553281] uhci_hcd: USB Universal Host Controller Interface driver
[    4.554214] i8042: PNP: PS/2 Controller [PNP0303:PS2K,PNP0f03:PS2M] at 0x60,0x64 irq 1,12
[    4.557634] serio: i8042 KBD port at 0x60,0x64 irq 1
[    4.561813] serio: i8042 AUX port at 0x60,0x64 irq 12
[    4.563907] mousedev: PS/2 mouse device common for all mice
[    4.565068] input: AT Translated Set 2 keyboard as /devices/platform/i8042/serio0/input/input2
[    4.566824] rtc_cmos rtc_cmos: rtc core: registered rtc_cmos as rtc0
[    4.569087] rtc_cmos rtc_cmos: alarms up to one day, 114 bytes nvram
[    4.570042] i2c /dev entries driver
[    4.588169] device-mapper: uevent: version 1.0.3
[    4.599511] device-mapper: ioctl: 4.34.0-ioctl (2015-10-28) initialised: dm-devel@redhat.com
[    4.615684] ledtrig-cpu: registered to indicate activity on CPUs
[    4.628800] NET: Registered protocol family 10
[    4.634624] NET: Registered protocol family 17
[    4.636699] Key type dns_resolver registered
[    4.637519] microcode: CPU0 sig=0x306d4, pf=0x40, revision=0x0
[    4.648971] microcode: CPU1 sig=0x306d4, pf=0x40, revision=0x0
[    4.651536] microcode: Microcode Update Driver: v2.01 <tigran@aivazian.fsnet.co.uk>, Peter Oruba
[    4.653002] registered taskstats version 1
[    4.653663] Loading compiled-in X.509 certificates
[    4.655011] Loaded X.509 cert 'Build time autogenerated kernel key: 713bc24ccc5bf0d11d706d6f5bf7187ed23f7b25'
[    4.656480] zswap: loaded using pool lzo/zbud
[    4.658643] Key type trusted registered
[    4.761040] Key type encrypted registered
[    4.762871] AppArmor: AppArmor sha1 policy hashing enabled
[    4.763723] ima: No TPM chip found, activating TPM-bypass!
[    4.764640] evm: HMAC attrs: 0x1
[    4.765473]   Magic number: 9:480:389
[    4.766231] rtc_cmos rtc_cmos: setting system clock to 2017-07-26 16:23:33 UTC (1501086213)
[    4.767828] BIOS EDD facility v0.16 2004-Jun-25, 0 devices found
[    4.768793] EDD information not available.
[    4.770758] Freeing unused kernel memory: 1488K (ffffffff81f45000 - ffffffff820b9000)
[    4.824671] Write protecting the kernel read-only data: 14336k
[    4.831364] Freeing unused kernel memory: 1756K (ffff880001849000 - ffff880001a00000)
[    4.832838] Freeing unused kernel memory: 112K (ffff880001de4000 - ffff880001e00000)
Loading, please wait...
[    4.877649] random: systemd-udevd: uninitialized urandom read (16 bytes read, 3 bits of entropy available)
starting version[    4.878637] random: udevadm: uninitialized urandom read (16 bytes read, 3 bits of entropy available)
 229
[    4.878682] random: udevadm: uninitialized urandom read (16 bytes read, 3 bits of entropy available)
[    4.878835] random: udevadm: uninitialized urandom read (16 bytes read, 3 bits of entropy available)
[    4.878887] random: udevadm: uninitialized urandom read (16 bytes read, 3 bits of entropy available)
[    4.878951] random: udevadm: uninitialized urandom read (16 bytes read, 3 bits of entropy available)
[    4.879003] random: udevadm: uninitialized urandom read (16 bytes read, 3 bits of entropy available)
[    4.879054] random: udevadm: uninitialized urandom read (16 bytes read, 3 bits of entropy available)
[    4.879102] random: udevadm: uninitialized urandom read (16 bytes read, 3 bits of entropy available)
[    4.879153] random: udevadm: uninitialized urandom read (16 bytes read, 3 bits of entropy available)
[    5.065756] e1000: Intel(R) PRO/1000 Network Driver - version 7.3.21-k8-NAPI
[    5.082869] e1000: Copyright (c) 1999-2006 Intel Corporation.
[    5.089519] tsc: Refined TSC clocksource calibration: 2394.117 MHz
[    5.100656] clocksource: tsc: mask: 0xffffffffffffffff max_cycles: 0x2282820cc53, max_idle_ns: 440795232688 ns
[    5.104566] Fusion MPT base driver 3.04.20
[    5.130771] Copyright (c) 1999-2008 LSI Corporation
[    5.145126] Fusion MPT SPI Host driver 3.04.20
[    5.161290] AVX version of gcm_enc/dec engaged.
[    5.170115] AES CTR mode by8 optimization enabled
[    5.334229] input: ImExPS/2 Generic Explorer Mouse as /devices/platform/i8042/serio1/input/input4
[    5.679696] e1000 0000:00:03.0 eth0: (PCI:33MHz:32-bit) 02:df:35:49:a7:44
[    5.762445] e1000 0000:00:03.0 eth0: Intel(R) PRO/1000 Network Connection
[    5.764145] mptbase: ioc0: Initiating bringup
[    5.764385] e1000 0000:00:03.0 enp0s3: renamed from eth0
[    5.892361] ioc0: LSI53C1030 A0: Capabilities={Initiator}
[    6.177131] scsi host2: ioc0: LSI53C1030 A0, FwRev=00000000h, Ports=1, MaxQ=256, IRQ=20
[    6.343777] scsi 2:0:0:0: Direct-Access     VBOX     HARDDISK         1.0  PQ: 0 ANSI: 5
[    6.448933] scsi target2:0:0: Beginning Domain Validation
[    6.460497] scsi target2:0:0: Domain Validation skipping write tests
[    6.463249] scsi target2:0:0: Ending Domain Validation
[    6.464144] scsi target2:0:0: asynchronous
[    6.465356] scsi 2:0:1:0: Direct-Access     VBOX     HARDDISK         1.0  PQ: 0 ANSI: 5
[    6.488651] scsi target2:0:1: Beginning Domain Validation
[    6.490649] scsi target2:0:1: Domain Validation skipping write tests
[    6.494386] scsi target2:0:1: Ending Domain Validation
[    6.495312] scsi target2:0:1: asynchronous
[    6.500832] sd 2:0:0:0: [sda] 20971520 512-byte logical blocks: (10.7 GB/10.0 GiB)
[    6.578572] sd 2:0:0:0: Attached scsi generic sg0 type 0
[    6.609233] sd 2:0:0:0: [sda] Write Protect is off
[    6.653237] sd 2:0:1:0: Attached scsi generic sg1 type 0
[    6.654434] sd 2:0:0:0: [sda] Incomplete mode parameter data
[    6.654436] sd 2:0:0:0: [sda] Assuming drive cache: write through
[    6.678184]  sda: sda1
[    6.678624] sd 2:0:0:0: [sda] Attached SCSI disk
[    6.695128] sd 2:0:1:0: [sdb] 20480 512-byte logical blocks: (10.5 MB/10.0 MiB)
[    6.695272] sd 2:0:1:0: [sdb] Write Protect is off
[    6.695340] sd 2:0:1:0: [sdb] Incomplete mode parameter data
[    6.695341] sd 2:0:1:0: [sdb] Assuming drive cache: write through
[    6.696944] sd 2:0:1:0: [sdb] Attached SCSI disk
[    8.136189] floppy0: no floppy controllers found
Begin: Loading e[    9.466803] md: linear personality registered for level -1
ssential drivers ... [    9.552327] md: multipath personality registered for level -4
[    9.560959] md: raid0 personality registered for level 0
[    9.605120] md: raid1 personality registered for level 1
[    9.688381] raid6: sse2x1   gen()  8213 MB/s
[    9.787757] raid6: sse2x1   xor()  7005 MB/s
[    9.887797] raid6: sse2x2   gen()  8382 MB/s
[    9.976666] raid6: sse2x2   xor()  8067 MB/s
[   10.060399] raid6: sse2x4   gen() 12788 MB/s
[   10.137695] raid6: sse2x4   xor()  8494 MB/s
[   10.158449] raid6: using algorithm sse2x4 gen() 12788 MB/s
[   10.159326] raid6: .... xor() 8494 MB/s, rmw enabled
[   10.178290] raid6: using ssse3x2 recovery algorithm
[   10.180226] xor: automatically using best checksumming function:
[   10.267724]    avx       : 64848.000 MB/sec
[   10.319166] async_tx: api initialized (async)
[   10.344337] md: raid6 personality registered for level 6
[   10.368471] md: raid5 personality registered for level 5
[   10.369242] md: raid4 personality registered for level 4
[   10.375042] md: raid10 personality registered for level 10
done.
Begin: Running /scripts/init-premount ... done.
Begin: Mounting root file system ... Begin: Running /scripts/local-top ... done.
Begin: Running /scripts/local-pr[   10.408220] Btrfs loaded
emount ... Scanning for Btrfs filesystems
done.
Warning: fsck not present, so sk[   10.497071] EXT4-fs (sda1): mounted filesystem with ordered data mode. Opts: (null)
ipping root file system
done.
Begin: Running /scripts/local-bottom ... done.
Begin: Running /scripts/init-bottom ... done.
[   10.609811] systemd[1]: systemd 229 running in system mode. (+PAM +AUDIT +SELINUX +IMA +APPARMOR +SMACK +SYSVINIT +UTMP +LIBCRYPTSETUP +GCRYPT +GNUTLS +ACL +XZ -LZ4 +SECCOMP +BLKID +ELFUTILS +KMOD -IDN)
[   10.621395] systemd[1]: Detected virtualization oracle.
[   10.629776] systemd[1]: Detected architecture x86-64.

Welcome to [1mUbuntu 16.04.2 LTS[0m!

[   10.692800] systemd[1]: Set hostname to <ubuntu>.
[   10.700935] systemd[1]: Initializing machine ID from random generator.
[   10.708727] systemd[1]: Installed transient /etc/machine-id file.
[   10.827298] systemd[1]: Listening on /dev/initctl Compatibility Named Pipe.
[[0;32m  OK  [0m] Listening on /dev/initctl Compatibility Named Pipe.
[   10.835352] systemd[1]: Created slice System Slice.
[[0;32m  OK  [0m] Created slice System Slice.
[   10.846100] systemd[1]: Listening on Journal Audit Socket.
[[0;32m  OK  [0m] Listening on Journal Audit Socket.
[   10.868357] systemd[1]: Listening on Syslog Socket.
[[0;32m  OK  [0m] Listening on Syslog Socket.
[   10.871807] systemd[1]: Listening on Device-mapper event daemon FIFOs.
[[0;32m  OK  [0m] Listening on Device-mapper event daemon FIFOs.
[   10.876080] systemd[1]: Reached target User and Group Name Lookups.
[[0;32m  OK  [0m] Reached target User and Group Name Lookups.
[   10.888719] systemd[1]: Listening on Journal Socket.
[[0;32m  OK  [0m] Listening on Journal Socket.
[   10.928215] systemd[1]: Starting Remount Root and Kernel File Systems...
         Starting Remount[   10.960652] EXT4-fs (sda1): re-mounted. Opts: (null)
 Root and Kernel File Systems...
[   11.120230] systemd[1]: Mounting POSIX Message Queue File System...
         Mounting POSIX Message Queue File System...
[   11.144460] systemd[1]: Starting Uncomplicated firewall...
         Starting Uncomplicated firewall...
[   11.196284] systemd[1]: Starting Nameserver information manager...
         Starting Nameserver information manager...
[   11.212378] systemd[1]: Mounting Debug File System...
         Mounting Debug File System...
[   11.224946] systemd[1]: Starting Create list of required static device nodes for the current kernel...
         Starting Create list of required st... nodes for the current kernel...
[   11.411090] systemd[1]: Set up automount Arbitrary Executable File Formats File System Automount Point.
[[0;32m  OK  [0m] Set up automount Arbitrary Executab...ats File System Automount Point.
[   11.415114] systemd[1]: Reached target Swap.
[[0;32m  OK  [0m] Reached target Swap.
[   11.417342] systemd[1]: Starting Set console keymap...
         Starting Set console keymap...
[   11.451717] systemd[1]: Listening on udev Kernel Socket.
[[0;32m  OK  [0m] Listening on udev Kernel Socket.
[   11.491192] systemd[1]: Listening on Journal Socket (/dev/log).
[[0;32m  OK  [0m] Listening on Journal Socket (/dev/log).
[   11.504189] systemd[1]: Starting Journal Service...
[   11.504888] random: nonblocking pool is initialized
         Starting Journal Service...
[   11.520912] systemd[1]: Listening on LVM2 poll daemon socket.
[[0;32m  OK  [0m] Listening on LVM2 poll daemon socket.
[   11.590407] systemd[1]: Reached target Encrypted Volumes.
[[0;32m  OK  [0m] Reached target Encrypted Volumes.
[   11.610548] systemd[1]: Listening on LVM2 metadata daemon socket.
[[0;32m  OK  [0m] Listening on LVM2 metadata daemon socket.
[   11.659972] systemd[1]: Starting Monitoring of LVM2 mirrors, snapshots etc. using dmeventd or progress polling...
         Starting Monitoring of LVM2 mirrors... dmeventd or progress polling...
[   11.686589] systemd[1]: Started Trigger resolvconf update for networkd DNS.
[[0;32m  OK  [0m] Started Trigger resolvconf update for networkd DNS.
[   11.691238] systemd[1]: Mounting Huge Pages File System...
         Mounting Huge Pages File System...
[   11.710195] systemd[1]: Started Forward Password Requests to Wall Directory Watch.
[[0;32m  OK  [0m] Started Forward Password Requests to Wall Directory Watch.
[   11.713847] systemd[1]: Listening on udev Control Socket.
[[0;32m  OK  [0m] Listening on udev Control Socket.
[   11.728263] systemd[1]: Starting Load Kernel Modules...
[   11.748635] Loading iSCSI transport class v2.0-870.
         Starting Load Kernel Modules...
[   11.750318] systemd[1]: Created slice system-serial\x2dgetty.slice.
[[0;32m  OK  [0m] Created slice system-serial\x2dgetty.slice.
[   11.759716] systemd[1]: Created slice User and Session Slice.
[[0;32m  OK  [0m] Created slice User and Session Slice.
[   11.763252] systemd[1]: Reached target Slices.
[   11.764506] iscsi: registered transport (tcp)
[[0;32m  OK  [0m] Reached target Slices.
[   11.767392] systemd[1]: Mounted Huge Pages File System.
[[0;32m  OK  [0m] Mounted Huge Pages File System.
[   11.785786] systemd[1]: Mounted Debug File System.
[[0;32m  OK  [0m] Mounted Debug File System.
[   11.799192] systemd[1]: Mounted POSIX Message Queue File System.
[[0;32m  OK  [0m] Mounted POSIX Message Queue File System.
[   11.816048] systemd[1]: Started Journal Service.
[[0;32m  OK  [[   11.869474] iscsi: registered transport (iser)
0m] Started Journal Service.
[[0;32m  OK  [0m] Started Remount Root and Kernel File Systems.
[[0;32m  OK  [0m] Started Uncomplicated firewall.
[[0;32m  OK  [0m] Started Create list of required sta...ce nodes for the current kernel.
[[0;32m  OK  [0m] Started Set console keymap.
[[0;32m  OK  [0m] Started Load Kernel Modules.
[[0;32m  OK  [0m] Started Nameserver information manager.
[[0;32m  OK  [0m] Started LVM2 metadata daemon.
         Starting Apply Kernel Variables...
         Mounting FUSE Control File System...
         Starting Create Static Device Nodes in /dev...
         Starting Initial cloud-init job (pre-networking)...
         Starting udev Coldplug all Devices...
         Starting Load/Save Random Seed...
         Starting Flush Journal to Persistent Storage...
[[0;32m  OK  [0m] Mounted FUSE Control File System.
[[0;32m  OK  [0m] Started Apply Kernel Variables.
[[0;32m  OK  [0m] Started Create Static Device Nodes in /dev.
[[0;32m  OK  [0m] Started Load/Save Random Seed.
[[0;32m  OK  [0m] Started Flush Journal to Persistent Storage.
[[0;32m  OK  [0m] Started udev Coldplug all Devices.
         Starting udev Kernel Device Manager...
[[0;32m  OK  [0m] Started udev Kernel Device Manager.
[[0;32m  OK  [0m] Started Dispatch Password Requests to Console Directory Watch.
[[0;32m  OK  [0m] Found device /dev/ttyS0.
[[0;32m  OK  [0m] Started Monitoring of LVM2 mirrors,...ng dmeventd or progress polling.
[[0;32m  OK  [0m] Reached target Local File Systems (Pre).
[[0;32m  OK  [0m] Reached target Local File Systems.
         Starting Commit a transient machine-id on disk...
         Starting Create Volatile Files and Directories...
         Starting LSB: AppArmor initialization...
         Starting Tell Plymouth To Write Out Runtime Data...
         Starting Set console font and keymap...
[   11.438811] cloud-init[446]: Cloud-init v. 0.7.9 running 'init-local' at Wed, 26 Jul 2017 16:23:41 +0000. Up 11.19 seconds.
[[0;32m  OK  [0m] Started Commit a transient machine-id on disk.
[[0;32m  OK  [0m] Started Create Volatile Files and Directories.
[[0;32m  OK  [0m] Started Tell Plymouth To Write Out Runtime Data.
[[0;32m  OK  [0m] Started Initial cloud-init job (pre-networking).
[[0;32m  OK  [0m] Listening on Load/Save RF Kill Switch Status /dev/rfkill Watch.
[[0;32m  OK  [0m] Reached target Network (Pre).
[[0;32m  OK  [0m] Reached target System Time Synchronized.
         Starting Update UTMP about System Boot/Shutdown...
[[0;32m  OK  [0m] Started Update UTMP about System Boot/Shutdown.
[[0;32m  OK  [0m] Started Set console font and keymap.
[[0;32m  OK  [0m] Started LSB: AppArmor initialization.
         Starting Raise network interfaces...
[[0;32m  OK  [0m] Created slice system-getty.slice.
[[0;32m  OK  [0m] Started Raise network interfaces.
[[0;32m  OK  [0m] Reached target Network.
         Starting Initial cloud-init job (metadata service crawler)...
[   14.785520] cloud-init[929]: Cloud-init v. 0.7.9 running 'init' at Wed, 26 Jul 2017 16:23:44 +0000. Up 14.18 seconds.
[   14.856426] [cloud-init[0;32m  OK  [0m[929]: ] ci-info: +++++++++++++++++++++++++++++++++++++Net device info++++++++++++++++++++++++++++++++++++++Started Initial cloud-init job (metadata service crawler).

[   14.856817] cloud-init[929]: ci-info: +--------+------+----------------------------+---------------+-------+-------------------+
[   14.887788] cloud-init[929]: ci-info: | Device |  Up  |          Address           |      Mask     | Scope |     Hw-Address    |
[[0;32m  OK  [0m] Reached target Cloud-config availability.
[   14.889697] [[0;32m  OK  [0m] Reached target System Initialization.
[[0;32m  OK  [0m] Started Daily Cleanup of Temporary Directories.
cloud-init[929]: ci-info: +--------+------+----------------------------+---------------+-------+-------------------+
[   14.984453] [cloud-init[0;32m  OK  [0m[929]: ] ci-info: | enp0s3 | True |         10.0.2.15          | 255.255.255.0 |   .   | 02:df:35:49:a7:44 |Started ACPI Events Check.

[[0;32m  OK  [0m] Reached target Paths.
[[0;32m  OK  [0m] Listening on D-Bus System Message Bus Socket.
[   14.984840] cloud-init[929]: ci-info: | enp0s3 | True | fe80::df:35ff:fe49:a744/64 |       .       |  link | 02:df:35:49:a7:44 |
[   14.996803]          cloud-initStarting Socket activation for snappy daemon.[929]: 
ci-info: |   lo   | True |         127.0.0.1          |   255.0.0.0   |   .   |         .         |
[   14.999920] [cloud-init[0;32m  OK  [0m[929]: ] ci-info: |   lo   | True |          ::1/128           |       .       |  host |         .         |Listening on ACPID Listen Socket.

[[0;32m  OK  [0m] Started Daily apt activities.
[[0;32m  OK  [0m] Started Timer to automatically refresh installed snaps.
[[0;32m  OK  [0m] Reached target Timers.
[   15.000338] cloud-init[929]: ci-info: +--------+------+----------------------------+---------------+-------+-------------------+
         Starting LXD - unix socket.
[[0;32m  OK  [0m] Listening on UUID daemon activation socket.
[   15.160055] cloud-init[929]: ci-info: +++++++++++++++++++++++++++Route IPv4 info++++++++++++++++++++++++++++
[   15.163498] [cloud-init[0;32m  OK  [0m[929]: ] ci-info: +-------+-------------+----------+---------------+-----------+-------+Reached target Network is Online.

[   15.163869] cloud-init[929]: ci-info: | Route | Destination | Gateway  |    Genmask    | Interface | Flags |
[   15.169083] cloud-init[929]: ci-info: +-------+-------------+----------+---------------+-----------+-------+
[   15.185192] cloud-init[929]: ci-info: |   0   |   0.0.0.0   | 10.0.2.2 |    0.0.0.0    |   enp0s3  |   UG  |
[   15.188171]          cloud-initStarting iSCSI initiator daemon (iscsid)...[929]: 
ci-info: |   1   |   10.0.2.0  | 0.0.0.0  | 255.255.255.0 |   enp0s3  |   U   |
[   15.191045] [cloud-init[0;32m  OK  [0m[929]: ] ci-info: +-------+-------------+----------+---------------+-----------+-------+Listening on Socket activation for snappy daemon.

[[0;32m  OK  [0m] Listening on LXD - unix socket.
[   15.191409] cloud-init[929]: Generating public/private rsa key pair.
[   15.195876] cloud-init[929]: Your identification has been saved in /etc/ssh/ssh_host_rsa_key.
[   15.200248] [cloud-init[0;32m  OK  [0m[929]: ] Your public key has been saved in /etc/ssh/ssh_host_rsa_key.pub.Reached target Sockets.

[[0;32m  OK  [0m] Reached target Basic System.
[   15.200668] cloud-init[929]: The key fingerprint is:
[   15.240284] [cloud-init[0;32m  OK  [0m[929]: ] SHA256:7BR6rvj1QLB5OcS4ovf9ftpxjro3Q5SkSbr+Ul2iCVw root@ubuntu-xenialStarted FUSE filesystem for LXC.

[   15.240812] cloud-init[929]: The key's randomart image is:
[   15.292393]          cloud-initStarting System Logging Service...[929]: 
+---[RSA 2048]----+
         Starting Apply the settings specified in cloud-config...
[   15.310988] cloud-init[929]: |                 |
         Starting Accounts Service...
[   15.381910] cloud-init[929]: |       o  E .    |
         Starting LXD - container startup/shutdown...
         Starting /etc/rc.local Compatibility...
[   15.428814] cloud-init[929]: |      o.++ + .   |
[[0;32m  OK  [0m] Started D-Bus System Message Bus.
[   15.522676] cloud-init[929]: |       O+oo + .  |
[   15.559272] cloud-init[929]: |    . = So = o   |
[   15.561225] cloud-init[929]: |   . . B..+ o    |
         Starting Login Service...
[   15.578624] cloud-init[929]: |  . .  .=. .. .  |
[[0;32m  OK  [0m] Started Snappy daemon.
[   15.626673] cloud-init[929]: |   . o +oo .==   |
[[0;32m  OK  [0m] Started Deferred execution scheduler.
[[0;32m  OK  [0m] Started Unattended Upgrades Shutdown.
[   15.669823] cloud-init[929]: |    ..+ .=O*oo.  |
         Starting LSB: MD monitoring daemon...
[   15.721024] cloud-init[929]: +----[SHA256]-----+
[   15.752235]          cloud-initStarting Pollinate to seed the pseudo random number generator...[929]: 
Generating public/private dsa key pair.
[   15.765523] cloud-init[929]: Your identification has been saved in /etc/ssh/ssh_host_dsa_key.
[   15.806401] [cloud-init[0;32m  OK  [0m[929]: ] Your public key has been saved in /etc/ssh/ssh_host_dsa_key.pub.Started ACPI event daemon.

[   15.806840] cloud-init[929]: The key fingerprint is:
[   15.811229] cloud-init[929]: SHA256:kq/H8te+xpqxWy3qWbngIhWHTBRiqNWS79r3ZHuF7EM root@ubuntu-xenial
[   15.813726] cloud-init[929]: The key's randomart image is:
[   15.825667]          cloud-initStarting LSB: Record successful boot for GRUB...[929]: 
+---[DSA 1024]----+
[   15.830413] [cloud-init[0;32m  OK  [0m[929]: ] |     +o.o.       |Started Regular background program processing daemon.

[   15.830775] cloud-init[929]: |    =....        |
[   15.894957] cloud-init[929]: |   o o o .       |
         Starting Auto import assertions from block devices...
[[0;32m  OK  [0m] Started System Logging Service.
[[0;32m  OK  [0m] Started iSCSI initiator daemon (iscsid).
[[0;32m  OK  [0m] Started LXD - container startup/shutdown.
[[0;32m  OK  [0m] Started /etc/rc.local Compatibility.
[[0;32m  OK  [0m] Started Auto import assertions from block devices.
[   15.922552] cloud-init[929]: |  .   ..+ .      |
[   15.986547] cloud-init[929]: |     .o So . .   |
[   15.988579] cloud-init[929]: |      .o.   Eo.  |
[   15.996379] cloud-init[929]: |     o o. ===..  |
         Starting Authenticate and Authorize Users to Run Privileged Tasks...
[   16.044864] cloud-init[929]: |    . +.=+.@Bo   |
[   16.080087] cloud-init[929]: |      .*.=%*+o   |
[   16.080956] cloud-init[929]: +----[SHA256]-----+
[   16.087101] cloud-init[929]: Generating public/private ecdsa key pair.
[   16.088178] cloud-init[929]: Your identification has been saved in /etc/ssh/ssh_host_ecdsa_key.
         Starting Login to default iSCSI targets...
[[0;32m  OK  [0m] Started LSB: MD monitoring daemon.
[[0;32m  OK  [0m] Started LSB: Record successful boot for GRUB.
[[0;32m  OK  [0m] Started Pollinate to seed the pseudo random number generator.
[[0;32m  OK  [0m] Started Login Service.
[   16.132578] cloud-init[929]: Your public key has been saved in /etc/ssh/ssh_host_ecdsa_key.pub.
[   16.180015] cloud-init[929]: The key fingerprint is:
[   16.182157] cloud-init[929]: SHA256:U06Om4Wr94oTShJ86ZEi1IB17EbUZRLvg3qyEFI8OQY root@ubuntu-xenial
[   16.183376] cloud-init[929]: The key's randomart image is:[[0;32m  OK  [0m] Started Authenticate and Authorize Users to Run Privileged Tasks.
[[0;32m  OK  [0m] Started Accounts Service.

[   16.202650] cloud-init[929]: +---[ECDSA 256]---+
[   16.220765]          cloud-initStarting OpenBSD Secure Shell server...[929]: 
|Eo+oo.ooo        |
[   16.282320] [cloud-init[0;32m  OK  [0m[929]: ] |.+ +o .+         |Started OpenBSD Secure Shell server.

[   16.282712] cloud-init[929]: |..Bo o  . o      |
[   16.316077] cloud-init[929]: |.o+oB  o B       |
[   16.320457] cloud-init[929]: |...* .. S +      |
[   16.324523] cloud-init[929]: | ...o..  B       |
[   16.325265] cloud-init[929]: |  .oo...+        |
[   16.326016] cloud-init[929]: |   ..+.o.        |
[   16.329260] cloud-init[929]: |    . oo.o.      |
[   16.330053] cloud-init[929]: +----[SHA256]-----+
[   16.339194] cloud-init[929]: Generating public/private ed25519 key pair.
[   16.343617] cloud-init[929]: Your identification has been saved in /etc/ssh/ssh_host_ed25519_key.
[   16.396299] cloud-init[929]: Your public key has been saved in /etc/ssh/ssh_host_ed25519_key.pub.
[[0;32m  OK  [0m] Started Login to default iSCSI targets.
[   16.408234] cloud-init[929]: The key fingerprint is:
[   16.416150] cloud-init[929]: SHA256:OyLZXXL+MmenOqpCQHp5awRNE89JRL39/x2GVRCRiJE root@ubuntu-xenial
[   16.436309] cloud-init[929]: The key's randomart image is:
[   16.455935] cloud-init[929]: +--[ED25519 256]--+
[   16.458205] cloud-init[929]: |   o+++.  .+ .++ |
[[0;32m  OK  [0m] Reached target Remote File Systems (Pre).
[[0;32m  OK  [0m] Reached target Remote File Systems.
[   16.464261] cloud-init[929]: |  o .= .. E . .. |
[   16.480395] cloud-init[929]: | o o  +  o      .|
[   16.501606] cloud-init[929]: |. + o   . .     .|
         Starting Permit User Sessions...
         Starting LSB: VirtualBox Linux Additions...
         Starting LSB: Set the CPU Frequency Scaling governor to "ondemand"...
         Starting LSB: daemon to balance interrupts for SMP systems...
         Starting LSB: automatic crash report generation...
[[0;32m  OK  [0m] Started Permit User Sessions.
[   16.509723] cloud-init[929]: | . + .  S o.   . |
[   16.545726] cloud-init[929]: |    +o . *  . o  |
[   16.561703] cloud-init[929]: |   oo o + .  o o |
[   16.561921] cloud-init[929]: |    .. . .+.o + o|
[[0;32m  OK  [0m] Started LSB: Set the CPU Frequency Scaling governor to "ondemand".
[   16.562042] cloud-init[929]: |     ......Boo .o|
[   16.605079] cloud-init[929]: +----[SHA256]-----+
[[0;32m  OK  [0m] Started LSB: VirtualBox Linux Additions.
[[   16.609467] cloud-init[1033]: Generating locales (this might take a while)...
[0;32m  OK  [0m] Started LSB: daemon to balance interrupts for SMP systems.
         Starting Terminate Plymouth Boot Screen...
[   16.674461] cloud-init[1033]:   en_US.UTF-8... done
[   16.721750] cloud-init[1033]: Generation complete.
         Starting Hold until boot process finishes up...
[[0;32m  OK  [0m] Started LSB: automatic crash report generation.
[[0;32m  OK  [0m] Started Terminate Plymouth Boot Screen.
[[0;32m  OK  [0m] Started Hold until boot process finishes up.
[[0;32m  OK  [0m] Started Serial Getty on ttyS0.
         Starting Set console scheme...
[[0;32m  OK  [0m] Started Getty on tty1.
[[0;32m  OK  [0m] Reached target Login Prompts.
[[0;32m  OK  [0m] Reached target Multi-User System.
[[0;32m  OK  [0m] Reached target Graphical Interface.
         Starting Update UTMP about System Runlevel Changes...
[[0;32m  OK  [0m] Started Set console scheme.
[[0;32m  OK  [0m] Started Update UTMP about System Runlevel Changes.
         Stopping OpenBSD Secure Shell server...
[[0;32m  OK  [0m] Stopped OpenBSD Secure Shell server.
         Starting OpenBSD Secure Shell server...
[[0;32m  OK  [0m] Started OpenBSD Secure Shell server.
[   17.355456] cloud-init[1033]: Cloud-init v. 0.7.9 running 'modules:config' at Wed, 26 Jul 2017 16:23:46 +0000. Up 15.63 seconds.
[[0;32m  OK  [0m] Started Apply the settings specified in cloud-config.
         Starting Execute cloud user/final scripts...
[[0;32m  OK  [0m] Created slice User Slice of ubuntu.
         Starting User Manager for UID 1000...
[[0;32m  OK  [0m] Started Session 1 of user ubuntu.
[[0;32m  OK  [0mci-info: no authorized ssh keys fingerprints found for user ubuntu.
] Started User Manager for UID 1000.
<14>Jul 26 16:23:48 ec2: 
<14>Jul 26 16:23:48 ec2: #############################################################
<14>Jul 26 16:23:48 ec2: -----BEGIN SSH HOST KEY FINGERPRINTS-----
<14>Jul 26 16:23:48 ec2: 1024 SHA256:kq/H8te+xpqxWy3qWbngIhWHTBRiqNWS79r3ZHuF7EM root@ubuntu-xenial (DSA)
<14>Jul 26 16:23:48 ec2: 256 SHA256:U06Om4Wr94oTShJ86ZEi1IB17EbUZRLvg3qyEFI8OQY root@ubuntu-xenial (ECDSA)
<14>Jul 26 16:23:48 ec2: 256 SHA256:OyLZXXL+MmenOqpCQHp5awRNE89JRL39/x2GVRCRiJE root@ubuntu-xenial (ED25519)
<14>Jul 26 16:23:48 ec2: 2048 SHA256:7BR6rvj1QLB5OcS4ovf9ftpxjro3Q5SkSbr+Ul2iCVw root@ubuntu-xenial (RSA)
<14>Jul 26 16:23:48 ec2: -----END SSH HOST KEY FINGERPRINTS-----
<14>Jul 26 16:23:48 ec2: #############################################################
-----BEGIN SSH HOST KEY KEYS-----
ecdsa-sha2-nistp256 AAAAE2VjZHNhLXNoYTItbmlzdHAyNTYAAAAIbmlzdHAyNTYAAABBBALhIyOFMM3n2X1yd9ZGwJWXx2I4i2EC0Q8Y4hOxmUQKG36/FdHlTgOYufwtfkzXGyEvzrmIzpf2ELMyOPO0rDs= root@ubuntu-xenial
ssh-ed25519 AAAAC3NzaC1lZDI1NTE5AAAAIIlNqY1+XSVIbC4jKLW56C0U04q6piB+7MUulgP08Hpg root@ubuntu-xenial
ssh-rsa AAAAB3NzaC1yc2EAAAADAQABAAABAQDDKHJ/WEzJBGJS7Wl+kHXHa2zdAWPfLPzuQ3UkPNUqp1NHL1izfMoS1QIOxmr6MiAYdEw9Qf6S768neHvsQkDPYRB6b1+8awkAPFryHD+gTA16OME82Fg7qELensETIdJfBvxHNwv1E1QdJfhWDrpiexA5tJca9etVTkD+cEJMmvB3rI4ELIlT8JZogo12isQVGQ2hk698GhcgV94JCNnz6iYRXELwugGg8p1EwCVEkyrdp00cIB0pSH875NAfRVcuC1bSa43cOKxXybBx4K+KWjoNhn+NRhiPpleG8tj6MjiKFtZl+LZS2IskKcYFvHbGbzkjx9HUc7SFxCMnEJmj root@ubuntu-xenial
-----END SSH HOST KEY KEYS-----
[   17.985854] cloud-init[1295]: Cloud-init v. 0.7.9 running 'modules:final' at Wed, 26 Jul 2017 16:23:48 +0000. Up 17.70 seconds.
[   18.008947] cloud-init[1295]: ci-info: no authorized ssh keys fingerprints found for user ubuntu.
[   18.045339] cloud-init[1295]: Cloud-init v. 0.7.9 finished at Wed, 26 Jul 2017 16:23:48 +0000. Datasource DataSourceNoCloud [seed=/dev/sdb][dsmode=net].  Up 17.97 seconds
[[0;32m  OK  [0m] Started Execute cloud user/final scripts.
[[0;32m  OK  [0m] Reached target Cloud-init target.

Ubuntu 16.04.2 LTS ubuntu-xenial ttyS0

ubuntu-xenial login: 